// Jest Snapshot v1, https://goo.gl/fbAQLP

exports[`App component initial render 1`] = `
<Route>
  <Component />
</Route>
`;
