// Jest Snapshot v1, https://goo.gl/fbAQLP

exports[`SoldOut component initial render 1`] = `
<div
  className="sold-out"
>
  <div
    className="triangle"
  >
     
  </div>
  <span>
     SOLD 
  </span>
</div>
`;
